07:16:16 **** Incremental Build of configuration Debug for project 002_helloworld_semihosting ****
make -j4 all 
arm-none-eabi-gcc "../Src/main.c" -mcpu=cortex-m4 -std=gnu11 -g3 -DDEBUG -DNUCLEO_F401RE -DSTM32 -DSTM32F401RETx -DSTM32F4 -c -I../Inc -O0 -ffunction-sections -fdata-sections -Wall -fstack-usage -fcyclomatic-complexity -MMD -MP -MF"Src/main.d" -MT"Src/main.o" --specs=nano.specs -mfloat-abi=soft -mthumb -o "Src/main.o"
arm-none-eabi-gcc -o "002_helloworld_semihosting.elf" @"objects.list"   -mcpu=cortex-m4 -T"/home/deep/Desktop/Udemy_Embedded_C/my_workspace/target/002_helloworld_semihosting/STM32F401RETX_FLASH.ld" --specs=nosys.specs -Wl,-Map="002_helloworld_semihosting.map" -Wl,--gc-sections -static -specs=rdimon.specs -lc -lrdimon --specs=nano.specs -mfloat-abi=soft -mthumb -Wl,--start-group -lc -lm -Wl,--end-group
Finished building target: 002_helloworld_semihosting.elf
 
arm-none-eabi-size  002_helloworld_semihosting.elf 
arm-none-eabi-objdump -h -S 002_helloworld_semihosting.elf  > "002_helloworld_semihosting.list"
   text	   data	    bss	    dec	    hex	filename
   4488	    100	   2076	   6664	   1a08	002_helloworld_semihosting.elf
Finished building: default.size.stdout
 
Finished building: 002_helloworld_semihosting.list
 

07:16:18 Build Finished. 0 errors, 0 warnings. (took 1s.884ms)

