21:36:47 **** Incremental Build of configuration Debug for project 011_string_var_vs_str_literal ****
make -j4 all 
arm-none-eabi-gcc "../Src/main.c" -mcpu=cortex-m4 -std=gnu11 -g3 -DDEBUG -DNUCLEO_F401RE -DSTM32 -DSTM32F401RETx -DSTM32F4 -c -I../Inc -O0 -ffunction-sections -fdata-sections -Wall -fstack-usage -fcyclomatic-complexity -MMD -MP -MF"Src/main.d" -MT"Src/main.o" --specs=nano.specs -mfpu=fpv4-sp-d16 -mfloat-abi=hard -mthumb -o "Src/main.o"
arm-none-eabi-gcc -o "011_string_var_vs_str_literal.elf" @"objects.list"   -mcpu=cortex-m4 -T"/home/deep/Desktop/Udemy_Embedded_C/my_workspace/target/011_string_var_vs_str_literal/STM32F401RETX_FLASH.ld" --specs=nosys.specs -Wl,-Map="011_string_var_vs_str_literal.map" -Wl,--gc-sections -static --specs=nano.specs -mfpu=fpv4-sp-d16 -mfloat-abi=hard -mthumb -Wl,--start-group -lc -lm -Wl,--end-group
Finished building target: 011_string_var_vs_str_literal.elf
 
arm-none-eabi-size  011_string_var_vs_str_literal.elf 
arm-none-eabi-objdump -h -S 011_string_var_vs_str_literal.elf  > "011_string_var_vs_str_literal.list"
   text	   data	    bss	    dec	    hex	filename
   5260	     92	   1900	   7252	   1c54	011_string_var_vs_str_literal.elf
Finished building: default.size.stdout
 
Finished building: 011_string_var_vs_str_literal.list
 

21:36:49 Build Finished. 0 errors, 0 warnings. (took 1s.986ms)

