16:21:49 **** Incremental Build of configuration Debug for project 010_led_on_bitfields ****
make -j4 all 
arm-none-eabi-gcc "../Src/main.c" -mcpu=cortex-m4 -std=gnu11 -g3 -DDEBUG -DNUCLEO_F401RE -DSTM32 -DSTM32F401RETx -DSTM32F4 -c -I../Inc -O0 -ffunction-sections -fdata-sections -Wall -fstack-usage -fcyclomatic-complexity -MMD -MP -MF"Src/main.d" -MT"Src/main.o" --specs=nano.specs -mfpu=fpv4-sp-d16 -mfloat-abi=hard -mthumb -o "Src/main.o"
arm-none-eabi-gcc -o "010_led_on_bitfields.elf" @"objects.list"   -mcpu=cortex-m4 -T"/home/deep/Desktop/Udemy_Embedded_C/my_workspace/target/010_led_on_bitfields/STM32F401RETX_FLASH.ld" --specs=nosys.specs -Wl,-Map="010_led_on_bitfields.map" -Wl,--gc-sections -static --specs=nano.specs -mfpu=fpv4-sp-d16 -mfloat-abi=hard -mthumb -Wl,--start-group -lc -lm -Wl,--end-group
Finished building target: 010_led_on_bitfields.elf
 
arm-none-eabi-size  010_led_on_bitfields.elf 
arm-none-eabi-objdump -h -S 010_led_on_bitfields.elf  > "010_led_on_bitfields.list"
   text	   data	    bss	    dec	    hex	filename
    784	      0	   1568	   2352	    930	010_led_on_bitfields.elf
Finished building: default.size.stdout
 
Finished building: 010_led_on_bitfields.list
 
16:22:14 **** Incremental Build of configuration Debug for project 010_led_on_bitfields ****
make -j4 all 
arm-none-eabi-size  010_led_on_bitfields.elf 
   text	   data	    bss	    dec	    hex	filename
    784	      0	   1568	   2352	    930	010_led_on_bitfields.elf
Finished building: default.size.stdout
 
